
 Primary working directories    : /scratch/kmoore
 Secondary working directories  : /scratch/kmoore
 Wavefunction directory         : /scratch/kmoore/
 Main file repository           : /scratch/kmoore/

 SHA1      : b6b3a4772808bb2d43777f23454e145ddfe12dc3
 NAME      : 2015.1.1
 ARCHNAME  : linux/x86_64
 FC        : /soft/mvapich2/2.2b_psm/intel-15.0/bin/mpif90
 BLASLIB   : -L/soft/intel/15.0.1/composer_xe_2015.0.090/mkl/lib/intel64 -lmkl_intel_ilp64 -lmkl_sequential -lmkl_core
 id        : anlgov

 Nodes     nprocs
 b450         1

 Using customized tuning parameters: mindgm=1; mindgv=20; mindgc=4; mindgr=1; noblas=0; minvec=7
 default implementation of scratch files=df  

                                                                                 ! Molpro 2015 Computation
 
 angstrom
 Geometry = {
  C          0.0000000000        0.0696643962        0.0000000000
  H          0.0000000000        0.5136378019       -1.0016934426
  H          0.0000000000        0.5136378019        1.0016934426
 }
 
 set,charge=0
 set,spin=2
 
 basis=6-31G*
 
 {uhf}
 

 Variables initialized (889), CPU time= 0.01 sec
 Commands  initialized (702), CPU time= 0.00 sec, 572 directives.
 Default parameters read. Elapsed time= 0.05 sec

 Checking input...
 Passed
1


                                         ***  PROGRAM SYSTEM MOLPRO  ***
                                       Copyright, TTI GmbH Stuttgart, 2015
                                    Version 2015.1 linked Jan  8 2016 07:59:11


 **********************************************************************************************************************************
 LABEL *                                                                                 
  64 bit serial version                                                                  DATE: 13-Jan-19          TIME: 18:59:01  
 **********************************************************************************************************************************

 SHA1:             b6b3a4772808bb2d43777f23454e145ddfe12dc3
 **********************************************************************************************************************************
 ZUNIT=ANG
 

Geometry recognized as XYZ

 SETTING CHARGE         =     0.00000000D+00                                  
 SETTING SPIN           =         2.00000000                                  

 Variable memory set to    8000000 words,  buffer space   230000 words

 SETTING BASIS          =    6-31G*


 Recomputing integrals since basis changed


 Using spherical harmonics

 Library entry C      S 6-31G                selected for orbital group  1
 Library entry C      P 6-31G                selected for orbital group  1
 Library entry C      D 6-31G*               selected for orbital group  1
 Library entry H      S 6-31G                selected for orbital group  2

1PROGRAM * SEWARD (Integral evaluation for generally contracted gaussian basis sets)     Author: Roland Lindh, 1990

 Geometry written to block  1 of record 700


 Point group  C2v 



 ATOMIC COORDINATES

 NR  ATOM    CHARGE       X              Y              Z

   1  C       6.00    0.000000000    0.131646629    0.000000000
   2  H       1.00    0.000000000    0.970634773   -1.892926267
   3  H       1.00    0.000000000    0.970634773    1.892926267

 Bond lengths in Bohr (Angstrom)

 1-2  2.070524320  1-3  2.070524320
     ( 1.095674285)     ( 1.095674285)

 Bond angles

  2-1-3  132.19197083

 NUCLEAR CHARGE:                    8
 NUMBER OF PRIMITIVE AOS:          36
 NUMBER OF SYMMETRY AOS:           35
 NUMBER OF CONTRACTIONS:           18   (   9A1  +   3B1  +   5B2  +   1A2  )
 NUMBER OF CORE ORBITALS:           1   (   1A1  +   0B1  +   0B2  +   0A2  )
 NUMBER OF VALENCE ORBITALS:        6   (   3A1  +   1B1  +   2B2  +   0A2  )


 NUCLEAR REPULSION ENERGY    6.05977474

 Eigenvalues of metric

         1 0.428E-01 0.298E+00 0.377E+00 0.515E+00 0.954E+00 0.100E+01 0.115E+01 0.164E+01
         2 0.430E+00 0.100E+01 0.157E+01
         3 0.554E-01 0.304E+00 0.595E+00 0.107E+01 0.265E+01
         4 0.100E+01


 Contracted 2-electron integrals neglected if value below      1.0D-11
 AO integral compression algorithm  1   Integral accuracy      1.0D-11

     0.262 MB (compressed) written to integral file (100.0%)


 NUMBER OF SORTED TWO-ELECTRON INTEGRALS:       4885.     BUFFER LENGTH:  32768
 NUMBER OF SEGMENTS:   1  SEGMENT LENGTH:       4885      RECORD LENGTH: 524288

 Memory used in sort:       0.56 MW

 SORT1 READ        6192. AND WROTE        3938. INTEGRALS IN      1 RECORDS. CPU TIME:     0.00 SEC, REAL TIME:     0.00 SEC
 SORT2 READ        3938. AND WROTE        4885. INTEGRALS IN      1 RECORDS. CPU TIME:     0.01 SEC, REAL TIME:     0.00 SEC

 FILE SIZES:   FILE 1:    19.4 MBYTE,  FILE 4:     4.2 MBYTE,   TOTAL:     23.6 MBYTE

 OPERATOR DM      FOR CENTER  0  COORDINATES:    0.000000    0.000000    0.000000


 **********************************************************************************************************************************
 DATASETS  * FILE   NREC   LENGTH (MB)   RECORD NAMES
              1      19       19.13       500      610      700      900      950      970     1000      129      960     1100   
                                          VAR    BASINP    GEOM    SYMINP    ZMAT    AOBASIS   BASIS     P2S    ABASIS      S 
                                         1400     1410     1200     1210     1080     1600     1650     1300     1700   
                                           T        V       H0       H01     AOSYM     SMH    MOLCAS    ERIS     OPER   

 PROGRAMS   *        TOTAL       INT
 CPU TIMES  *         0.11      0.02
 REAL TIME  *         0.18 SEC
 DISK USED  *        23.89 MB      
 **********************************************************************************************************************************

1PROGRAM * UHF-SCF       Authors: W. Meyer, H.-J. Werner


 NUMBER OF ELECTRONS:       5+    3-
 CONVERGENCE THRESHOLDS:    1.00E-05 (Density)    1.00E-07 (Energy)
 MAX. NUMBER OF ITERATIONS:       60
 INTERPOLATION TYPE:            DIIS
 INTERPOLATION STEPS:              2 (START)      1 (STEP)
 LEVEL SHIFTS:                  0.20 (ALPHA)   0.20 (BETA) 



 Orbital guess generated from atomic densities. Full valence occupancy:    4   1   2   0

 Molecular orbital dump at record        2200.2

 Initial alpha occupation   3   1   1   0
 Initial beta  occupation   1   1   1   0

 ITERATION    DDIFF          GRAD             ENERGY        2-EL.EN.            DIPOLE MOMENTS         DIIS
    1      0.000D+00      0.000D+00       -38.36421070     37.239330    0.00000    0.80935    0.00000    0
    2      0.104D-01      0.132D-01       -38.37468856     37.337064    0.00000    0.71945    0.00000    1
    3      0.775D-02      0.565D-02       -38.37787176     37.367141    0.00000    0.67622    0.00000    2
    4      0.449D-02      0.188D-02       -38.37863133     37.361511    0.00000    0.66324    0.00000    3
    5      0.224D-02      0.799D-03       -38.37879375     37.356774    0.00000    0.65717    0.00000    4
    6      0.277D-03      0.273D-03       -38.37880713     37.358022    0.00000    0.65599    0.00000    5
    7      0.166D-03      0.746D-04       -38.37880803     37.358469    0.00000    0.65627    0.00000    6
    8      0.470D-04      0.171D-04       -38.37880807     37.358516    0.00000    0.65636    0.00000    6
    9      0.278D-04      0.738D-05       -38.37880808     37.358511    0.00000    0.65642    0.00000    6
   10      0.820D-05      0.239D-05       -38.37880808     37.358527    0.00000    0.65645    0.00000    6
   11      0.184D-05      0.594D-06       -38.37880808     37.358529    0.00000    0.65645    0.00000    6
 
 Final alpha occupancy:   3   1   1   0
 Final beta  occupancy:   1   1   1   0

 !UHF STATE 1.1 Energy                -38.378808076235
 Nuclear energy                         6.05977474
 One-electron energy                  -63.11784709
 Two-electron energy                   18.67926427
 Virial quotient                       -0.99205549
 !UHF STATE 1.1 Dipole moment           0.00000000     0.65644984     0.00000000
 Dipole moment /Debye                   0.00000000     1.66841979     0.00000000

 Orbital energies for positive spin:

         1.1          2.1          3.1          4.1          5.1
    -11.294362    -0.992011    -0.462515     0.210403     0.693276

         1.2          2.2          3.2
     -0.366587     0.758212     1.926021

         1.3          2.3          3.3
     -0.694492     0.294421     0.759110

         1.4
      1.902373

 Orbital energies for negative spin:

         1.1          2.1          3.1          4.1          5.1
    -11.224909    -0.361647     0.163954     0.282023     0.794670

         1.2          2.2          3.2
     -0.227002     0.821996     2.068266

         1.3          2.3          3.3
     -0.497435     0.346204     0.816154

         1.4
      1.986501

 HOMO     -1.2    -0.227002 =      -6.1770eV
 LUMO     -2.1    -0.361647 =      -9.8409eV
 LUMO-HOMO        -0.134645 =      -3.6639eV

 EXPECTATION VALUE OF S**2:             2.01469546

 Occupation number threshold for canonical orbitals:  1.999000 (occupied),  0.001000 (virtual)

 Number of pseudo-canonical orbitals per symmetry:    1   0   0   0
 Number of active natural orbitals per symmetry:      2   2   2   0

 Natural orbitals saved to record    2200.2 (Orbital set 3)

 Orbital spaces for UNO-CAS (Min. occupation: 0.020  Max. occupation: 1.980):

 Closed:        1   1   1   0
 Active:        2   0   0   0


 **********************************************************************************************************************************
 DATASETS  * FILE   NREC   LENGTH (MB)   RECORD NAMES
              1      19       19.13       500      610      700      900      950      970     1000      129      960     1100   
                                          VAR    BASINP    GEOM    SYMINP    ZMAT    AOBASIS   BASIS     P2S    ABASIS      S 
                                         1400     1410     1200     1210     1080     1600     1650     1300     1700   
                                           T        V       H0       H01     AOSYM     SMH    MOLCAS    ERIS     OPER   

              2       4        0.41       700     1000      520     2200   
                                         GEOM     BASIS   MCVARS     UHF  

 PROGRAMS   *        TOTAL       UHF       INT
 CPU TIMES  *         0.14      0.03      0.02
 REAL TIME  *         0.22 SEC
 DISK USED  *        23.89 MB      
 **********************************************************************************************************************************

 UHF/6-31G* energy=    -38.378808076235

        UHF-SCF 
    -38.37880808
 **********************************************************************************************************************************
 Variable memory released
